// Jest Snapshot v1, https://goo.gl/fbAQLP

exports[`renders the full UpgradeForm 1`] = `
<form
  className="container padding-b-bigger"
  onSubmit={[Function]}
>
  <div
    className="row"
  >
    <div
      className="col-12"
    >
      <h2>
        my-release (my-repo/my-chart)
      </h2>
    </div>
    <div
      className="col-8"
    >
      <DeploymentFormBody
        appValues="foo: bar"
        chartID="my-repo/my-chart"
        chartVersion="1.0.0"
        fetchChartVersions={[Function]}
        getChartVersion={[Function]}
        goBack={[Function]}
        namespace="default"
        originalValues="foo: bar"
        push={[Function]}
        releaseName="my-release"
        selected={
          Object {
            "version": Object {
              "attributes": Object {
                "version": "1.2.3",
              },
              "id": "foo",
            },
            "versions": Array [
              Object {
                "attributes": Object {
                  "version": "1.2.3",
                },
                "id": "foo",
              },
            ],
          }
        }
        setValues={[Function]}
        setValuesModified={[Function]}
        valuesModified={false}
      />
    </div>
  </div>
</form>
`;
